// Jest Snapshot v1, https://goo.gl/fbAQLP

exports[`AddPaymentChooseAmount view renders correctly 1`] = `
<View
  style={
    Object {
      "flex": 1,
    }
  }
>
  <SuccessModal
    button="חזור לעמוד הראשי"
    buttonPress={[Function]}
    desc="תשלום של  נוסף לתלמיד test."
    image="payment"
    title="הוספת תשלום בהצלחה!"
    visible={false}
  />
  <View
    style={
      Object {
        "flexDirection": "row",
        "justifyContent": "flex-start",
        "marginLeft": 26,
        "marginRight": 26,
        "marginTop": 20,
        "padding": 0,
      }
    }
  >
    <TouchableOpacity
      activeOpacity={0.2}
      onPress={[Function]}
    >
      <Themed.Icon
        name="arrow-forward"
        type="material"
      />
    </TouchableOpacity>
    <PageTitle
      style={
        Object {
          "marginLeft": 8,
          "marginTop": -4,
        }
      }
      title="הוספת תשלום - סכום"
    />
  </View>
  <ScrollViewMock
    keyboardDismissMode="interactive"
    keyboardShouldPersistTaps="handled"
    style={
      Object {
        "flex": 1,
      }
    }
  >
    <View
      style={
        Object {
          "backgroundColor": "#f4f4f4",
          "borderBottomWidth": 0,
          "padding": 20,
        }
      }
    >
      <TextInput
        allowFontScaling={true}
        autoFocus={true}
        keyboardType="number-pad"
        maxLength={5}
        onChangeText={[Function]}
        placeholder="000"
        rejectResponderTermination={true}
        style={
          Object {
            "fontFamily": "Assistant-Light",
            "fontSize": 48,
            "textAlign": "right",
          }
        }
        underlineColorAndroid="transparent"
        value=""
      />
    </View>
    <Dropdown
      absoluteRTLLayout={false}
      animationDuration={225}
      baseColor="rgba(0, 0, 0, .38)"
      containerStyle={
        Object {
          "alignSelf": "center",
          "marginTop": 20,
          "width": "90%",
        }
      }
      data={
        Array [
          Object {
            "label": "מזומן",
            "value": "cash",
          },
          Object {
            "label": "צ׳ק",
            "value": "check",
          },
          Object {
            "label": "כרטיס אשראי",
            "value": "credit",
          },
          Object {
            "label": "העברה בנקאית",
            "value": "bank",
          },
          Object {
            "label": "אחר",
            "value": "other",
          },
        ]
      }
      disabled={false}
      dropdownMargins={
        Object {
          "max": 40,
          "min": 20,
        }
      }
      dropdownOffset={
        Object {
          "left": 0,
          "top": 0,
        }
      }
      fontSize={16}
      hitSlop={
        Object {
          "bottom": 6,
          "left": 4,
          "right": 4,
          "top": 6,
        }
      }
      itemColor="rgba(0, 0, 0, .54)"
      itemCount={4}
      itemPadding={8}
      labelExtractor={[Function]}
      onChangeText={[Function]}
      propsExtractor={[Function]}
      rippleCentered={false}
      rippleDuration={400}
      rippleInsets={
        Object {
          "bottom": -8,
          "left": 0,
          "right": 0,
          "top": 16,
        }
      }
      rippleOpacity={0.54}
      rippleSequential={true}
      shadeOpacity={0.12}
      supportedOrientations={
        Array [
          "portrait",
          "portrait-upside-down",
          "landscape",
          "landscape-left",
          "landscape-right",
        ]
      }
      textColor="rgba(0, 0, 0, .87)"
      useNativeDriver={false}
      value="cash"
      valueExtractor={[Function]}
    />
    <TextInput
      allowFontScaling={true}
      onChangeText={[Function]}
      placeholder="על מה התשלום? (ברירת מחדל: שיעורי נהיגה)"
      rejectResponderTermination={true}
      style={
        Object {
          "backgroundColor": "#f4f4f4",
          "marginTop": 12,
          "padding": 20,
          "textAlign": "right",
        }
      }
      underlineColorAndroid="transparent"
      value=""
    />
    <TextInput
      allowFontScaling={true}
      onChangeText={[Function]}
      placeholder="ח.פ (השאר ריק אם אין)"
      rejectResponderTermination={true}
      style={
        Object {
          "backgroundColor": "#f4f4f4",
          "marginTop": 12,
          "padding": 20,
          "textAlign": "right",
        }
      }
      underlineColorAndroid="transparent"
      value=""
    />
    <View
      style={
        Object {
          "flexDirection": "row",
          "padding": 26,
        }
      }
    >
      <Text
        style={
          Object {
            "fontWeight": "bold",
            "marginTop": 4,
          }
        }
      >
        צור חשבונית כעת
      </Text>
      <Switch
        onValueChange={[Function]}
        style={
          Object {
            "marginLeft": "auto",
          }
        }
        value={false}
      />
    </View>
  </ScrollViewMock>
  <KeyboardAvoidingView
    behavior="padding"
    enabled={true}
    keyboardVerticalOffset={56}
  >
    <TouchableOpacity
      activeOpacity={0.2}
      onPress={[Function]}
      style={
        Object {
          "alignItems": "center",
          "backgroundColor": "rgb(12,116,244)",
          "borderRadius": 0,
          "bottom": 0,
          "elevation": 8,
          "height": 56,
          "justifyContent": "center",
          "position": "relative",
          "shadowColor": "rgb(12,116,244)",
          "shadowOffset": Object {
            "height": 8,
            "width": 0,
          },
          "shadowOpacity": 0.5,
          "shadowRadius": 16,
          "width": "100%",
        }
      }
    >
      <Text
        style={
          Object {
            "color": "#fff",
            "fontSize": 20,
            "fontWeight": "bold",
          }
        }
      >
        הוסף
      </Text>
    </TouchableOpacity>
  </KeyboardAvoidingView>
</View>
`;

exports[`AddPaymentChooseStudent view renders correctly 1`] = `
<View
  style={
    Object {
      "flex": 1,
      "marginLeft": 26,
      "marginRight": 26,
      "marginTop": 20,
    }
  }
>
  <PageTitle
    leftSide={
      <TouchableOpacity
        activeOpacity={0.2}
        onPress={[Function]}
        style={
          Object {
            "marginTop": -6,
          }
        }
      >
        <Themed.Icon
          name="ios-close"
          size={36}
          type="ionicon"
        />
      </TouchableOpacity>
    }
    title="הוספת תשלום - בחירת תלמיד"
  />
  <View
    style={
      Object {
        "flex": 1,
        "paddingTop": 0,
      }
    }
    testID="StudentsSearchView"
  >
    <KeyboardAvoidingView
      behavior="padding"
      enabled={true}
      keyboardVerticalOffset={100}
      style={
        Object {
          "flex": 1,
        }
      }
    >
      <ForwardRef(Themed.SearchBar)
        autoFocus={true}
        cancelButtonTitle="ביטול"
        containerStyle={
          Object {
            "backgroundColor": "transparent",
            "marginTop": 16,
            "paddingBottom": 0,
            "paddingTop": 0,
          }
        }
        inputContainerStyle={
          Object {
            "borderRadius": 30,
            "marginLeft": 0,
            "marginRight": 0,
            "paddingBottom": 6,
            "paddingLeft": 8,
            "paddingTop": 6,
            "width": "100%",
          }
        }
        inputStyle={
          Object {
            "alignItems": "flex-start",
            "fontSize": 14,
            "marginLeft": 0,
            "paddingLeft": 6,
          }
        }
        onChangeText={[Function]}
        placeholder="חיפוש תלמיד"
        platform="ios"
        testID="searchBar"
        textAlign="right"
        value=""
      />
      <Separator />
      <View>
        <StudentsLoader />
      </View>
    </KeyboardAvoidingView>
  </View>
</View>
`;
