// Jest Snapshot v1, https://goo.gl/fbAQLP

exports[`Home view renders correctly 1`] = `
<ScrollViewMock>
  <View
    style={
      Object {
        "alignItems": "center",
        "flex": 1,
        "marginTop": 20,
        "paddingLeft": 26,
        "paddingRight": 26,
      }
    }
  >
    <View
      style={
        Object {
          "position": "absolute",
          "right": 26,
        }
      }
    >
      <TouchableOpacity
        activeOpacity={0.2}
        onPress={[Function]}
      >
        <Themed.Icon
          name="settings"
          size={24}
          type="material"
        />
      </TouchableOpacity>
    </View>
    <View
      style={
        Object {
          "alignItems": "center",
          "alignSelf": "center",
          "marginBottom": 20,
        }
      }
      testID="welcomeHeader"
    >
      <UploadProfileImage
        image="https://res.cloudinary.com/hsmkon3br/image/upload/c_thumb,g_face,h_80,w_80/v1554188012/678099-profile-filled-256.png"
        style={
          Object {
            "borderRadius": 22,
            "height": 44,
            "marginBottom": 16,
            "width": 44,
          }
        }
        upload={[Function]}
      />
      <Text
        style={
          Object {
            "fontFamily": "Assistant-Light",
            "fontSize": 24,
          }
        }
      >
        צהריים טובים, teacher
      </Text>
    </View>
    <ShadowRect
      style={
        Object {
          "minHeight": 240,
        }
      }
    >
      <Text
        style={
          Object {
            "alignSelf": "flex-start",
            "color": "rgb(121, 121, 121)",
            "fontSize": 16,
            "fontWeight": "bold",
          }
        }
        testID="schedule"
      >
        מפגש נוכחי
      </Text>
      <TouchableOpacity
        activeOpacity={0.2}
        onPress={[Function]}
        testID="lessonRowTouchable"
      >
        <Row
          key="itemundefined"
          leftSide={
            <React.Fragment>
              <Hours
                style={
                  Object {
                    "marginTop": 8,
                  }
                }
              />
              <Text
                style={
                  Object {
                    "alignSelf": "center",
                    "color": "red",
                  }
                }
              >
                [missing "he.teacher.new_lesson.types.undefined" translation]
              </Text>
            </React.Fragment>
          }
          style={
            Object {
              "marginTop": 12,
            }
          }
        >
          <UserWithPic
            extra={
              <View
                style={
                  Object {
                    "alignItems": "flex-start",
                  }
                }
              >
                <Text
                  style={
                    Object {
                      "color": "gray",
                      "fontSize": 14,
                    }
                  }
                >
                  איסוף
                  :
                   
                  a
                </Text>
              </View>
            }
            imageContainerStyle={
              Object {
                "marginTop": 8,
              }
            }
            name="test"
            nameStyle={
              Object {
                "marginLeft": -2,
                "marginTop": 4,
              }
            }
            user={
              Object {
                "name": "test",
              }
            }
          />
        </Row>
      </TouchableOpacity>
      <LessonPopup
        isStudent={false}
        item={
          Object {
            "dropoff_place": "t",
            "meetup_place": "a",
            "student": Object {
              "name": "test",
            },
          }
        }
        navigation={
          Object {
            "addListener": [Function],
            "navigate": [MockFunction],
          }
        }
        onPress={[Function]}
        testID="lessonPopup"
        visible={false}
      />
      <Separator />
      <Text
        style={
          Object {
            "alignSelf": "flex-start",
            "color": "rgb(121, 121, 121)",
            "fontSize": 16,
            "fontWeight": "bold",
          }
        }
      >
        מפגש הבא
      </Text>
      <Text
        style={
          Object {
            "alignSelf": "center",
            "fontSize": 20,
            "marginTop": 12,
          }
        }
      >
        אינך מלמד כעת. הפסקה נעימה!
      </Text>
    </ShadowRect>
    <TouchableOpacity
      activeOpacity={0.2}
      onPress={[Function]}
      style={
        Object {
          "alignItems": "center",
          "alignSelf": "center",
          "flex": 1,
          "flexDirection": "row",
          "height": 40,
          "justifyContent": "center",
          "marginBottom": 12,
        }
      }
    >
      <Text
        style={
          Object {
            "color": "rgb(12, 116, 244)",
            "fontWeight": "bold",
            "marginRight": 8,
            "marginTop": -4,
          }
        }
      >
        לו״ז מלא
      </Text>
      <Themed.Icon
        color="rgb(12, 116, 244)"
        name="ios-arrow-dropleft-circle"
        size={20}
        type="ionicon"
      />
    </TouchableOpacity>
    <ShadowRect>
      <TouchableOpacity
        activeOpacity={0.2}
        onPress={[Function]}
        style={
          Object {
            "flex": 1,
            "flexDirection": "row",
          }
        }
      >
        <Text
          style={
            Object {
              "alignSelf": "flex-start",
              "color": "rgb(121, 121, 121)",
              "fontSize": 16,
              "fontWeight": "bold",
            }
          }
          testID="monthlyAmount"
        >
          פעילויות כספיות (חודשי)
        </Text>
        <View
          style={
            Object {
              "alignItems": "flex-end",
              "flex": 1,
              "marginRight": "auto",
            }
          }
        >
          <Themed.Icon
            name="arrow-back"
            size={20}
            type="material"
          />
        </View>
      </TouchableOpacity>
      <View
        style={
          Object {
            "alignSelf": "center",
            "marginTop": 16,
          }
        }
      >
        <Text
          style={
            Object {
              "color": "rgb(24, 199, 20)",
              "fontFamily": "Assistant-Light",
              "fontSize": 44,
            }
          }
        >
          0
          ₪
        </Text>
        <TouchableOpacity
          activeOpacity={0.2}
          onPress={[Function]}
        >
          <Text
            style={
              Object {
                "alignSelf": "center",
                "color": "rgb(12, 116, 244)",
                "fontWeight": "bold",
                "marginTop": 16,
              }
            }
          >
            הוסף תשלום
          </Text>
        </TouchableOpacity>
      </View>
      <Separator />
      <EmptyState
        image="payments"
        imageSize="small"
        text="טרם נשמרו תשלומים"
      />
    </ShadowRect>
  </View>
</ScrollViewMock>
`;
