// Jest Snapshot v1, https://goo.gl/fbAQLP

exports[`Students view renders correctly 1`] = `
<View
  style={
    Object {
      "flex": 1,
    }
  }
>
  <View
    style={
      Object {
        "flex": 1,
        "marginTop": 20,
        "paddingLeft": 26,
        "paddingRight": 26,
      }
    }
    testID="StudentsView"
  >
    <PageTitle
      leftSide={
        <View
          style={
            Object {
              "flexDirection": "row",
            }
          }
        >
          <TouchableHighlight
            activeOpacity={0.85}
            delayPressOut={100}
            onPress={[Function]}
            style={
              Object {
                "marginRight": 6,
                "marginTop": 6,
              }
            }
            underlayColor="lightgray"
          >
            <Themed.Icon
              name="arrow-downward"
              type="material"
            />
          </TouchableHighlight>
          <Dropdown
            absoluteRTLLayout={false}
            animationDuration={225}
            baseColor="rgba(0, 0, 0, .38)"
            containerStyle={
              Object {
                "alignSelf": "flex-end",
                "marginTop": 4,
                "width": 120,
              }
            }
            data={
              Array [
                Object {
                  "label": "מאזן כספי",
                  "value": "balance",
                },
                Object {
                  "label": "מספר שיעור",
                  "value": "lessons_done",
                },
              ]
            }
            disabled={false}
            dropdownMargins={
              Object {
                "max": 20,
                "min": 0,
              }
            }
            dropdownOffset={
              Object {
                "left": 0,
                "top": 0,
              }
            }
            fontSize={16}
            hitSlop={
              Object {
                "bottom": 6,
                "left": 4,
                "right": 4,
                "top": 6,
              }
            }
            itemColor="rgba(0, 0, 0, .54)"
            itemCount={4}
            itemPadding={8}
            label="סדר לפי"
            labelExtractor={[Function]}
            onChangeText={[Function]}
            pickerStyle={
              Object {
                "marginTop": 60,
              }
            }
            propsExtractor={[Function]}
            rippleCentered={false}
            rippleDuration={400}
            rippleInsets={
              Object {
                "bottom": -8,
                "left": 0,
                "right": 0,
                "top": 16,
              }
            }
            rippleOpacity={0.54}
            rippleSequential={true}
            shadeOpacity={0.12}
            supportedOrientations={
              Array [
                "portrait",
                "portrait-upside-down",
                "landscape",
                "landscape-left",
                "landscape-right",
              ]
            }
            textColor="rgba(0, 0, 0, .87)"
            useNativeDriver={false}
            valueExtractor={[Function]}
          />
        </View>
      }
      style={
        Object {
          "marginBottom": 0,
        }
      }
      title="התלמידים שלי"
    />
    <ForwardRef(Themed.SearchBar)
      cancelButtonTitle=""
      containerStyle={
        Object {
          "backgroundColor": "transparent",
          "marginTop": 20,
          "paddingBottom": 0,
          "paddingTop": 0,
        }
      }
      inputContainerStyle={
        Object {
          "borderRadius": 30,
          "marginLeft": 0,
          "marginRight": 0,
          "paddingLeft": 8,
          "width": "100%",
        }
      }
      inputStyle={
        Object {
          "alignItems": "flex-start",
          "fontSize": 14,
          "marginLeft": 0,
          "paddingLeft": 6,
        }
      }
      onChangeText={[Function]}
      placeholder="חיפוש תלמיד"
      platform="ios"
      textAlign="right"
      value=""
    />
    <View
      style={
        Object {
          "flex": 1,
          "marginBottom": 68,
        }
      }
    >
      <FlatList
        ListEmptyComponent={[Function]}
        data={
          Array [
            Object {
              "name": "test1",
              "student_id": 1,
            },
            Object {
              "name": "test2",
              "student_id": 2,
            },
          ]
        }
        disableVirtualization={false}
        horizontal={false}
        initialNumToRender={10}
        keyExtractor={[Function]}
        keyboardDismissMode="interactive"
        keyboardShouldPersistTaps="handled"
        maxToRenderPerBatch={10}
        numColumns={1}
        onEndReached={[Function]}
        onEndReachedThreshold={2}
        removeClippedSubviews={false}
        renderItem={[Function]}
        scrollEventThrottle={50}
        updateCellsBatchingPeriod={50}
        windowSize={21}
      />
    </View>
  </View>
  <TouchableOpacity
    activeOpacity={0.2}
    onPress={[Function]}
    style={
      Object {
        "alignItems": "center",
        "backgroundColor": "rgb(12,116,244)",
        "borderRadius": 0,
        "bottom": 0,
        "elevation": 8,
        "height": 56,
        "justifyContent": "center",
        "position": "absolute",
        "shadowColor": "rgb(12,116,244)",
        "shadowOffset": Object {
          "height": 8,
          "width": 0,
        },
        "shadowOpacity": 0.5,
        "shadowRadius": 16,
        "width": "100%",
      }
    }
  >
    <Text
      style={
        Object {
          "color": "#fff",
          "fontSize": 20,
          "fontWeight": "bold",
        }
      }
    >
      הוספת תלמיד/ה
    </Text>
  </TouchableOpacity>
</View>
`;
