// Jest Snapshot v1, https://goo.gl/fbAQLP

exports[`Notifications view renders correctly 1`] = `
<View
  style={
    Object {
      "flex": 1,
    }
  }
>
  <View
    style={
      Object {
        "flex": 1,
        "marginTop": 20,
        "paddingLeft": 26,
        "paddingRight": 26,
      }
    }
    testID="NotificationsView"
  >
    <PageTitle
      leftSide={
        <View>
          <Dropdown
            absoluteRTLLayout={false}
            animationDuration={225}
            baseColor="rgba(0, 0, 0, .38)"
            containerStyle={
              Object {
                "alignSelf": "flex-end",
                "marginTop": 4,
                "width": 160,
              }
            }
            data={
              Array [
                Object {
                  "label": "שיעורים שנקבעו",
                  "value": "appointments/",
                },
                Object {
                  "label": "פעילויות כספיות",
                  "value": "appointments/payments",
                },
              ]
            }
            disabled={false}
            dropdownMargins={
              Object {
                "max": 20,
                "min": 0,
              }
            }
            dropdownOffset={
              Object {
                "left": 0,
                "top": 0,
              }
            }
            fontSize={16}
            hitSlop={
              Object {
                "bottom": 6,
                "left": 4,
                "right": 4,
                "top": 6,
              }
            }
            itemColor="rgba(0, 0, 0, .54)"
            itemCount={4}
            itemPadding={8}
            labelExtractor={[Function]}
            onChangeText={[Function]}
            pickerStyle={
              Object {
                "marginTop": 60,
              }
            }
            propsExtractor={[Function]}
            rippleCentered={false}
            rippleDuration={400}
            rippleInsets={
              Object {
                "bottom": -8,
                "left": 0,
                "right": 0,
                "top": 16,
              }
            }
            rippleOpacity={0.54}
            rippleSequential={true}
            shadeOpacity={0.12}
            supportedOrientations={
              Array [
                "portrait",
                "portrait-upside-down",
                "landscape",
                "landscape-left",
                "landscape-right",
              ]
            }
            textColor="rgba(0, 0, 0, .87)"
            useNativeDriver={false}
            value="appointments/"
            valueExtractor={[Function]}
          />
        </View>
      }
      style={
        Object {
          "marginBottom": 0,
        }
      }
      title="פעילויות"
    />
    <View
      style={
        Object {
          "marginTop": 20,
        }
      }
    >
      <FlatList
        ListEmptyComponent={[Function]}
        data={
          Array [
            Object {
              "duration": 40,
              "student": Object {
                "name": "test",
                "student_id": 1,
              },
            },
            Object {
              "duration": 100,
              "student": Object {
                "name": "test",
                "student_id": 1,
              },
            },
          ]
        }
        disableVirtualization={false}
        extraData={Array []}
        horizontal={false}
        initialNumToRender={10}
        keyExtractor={[Function]}
        maxToRenderPerBatch={10}
        numColumns={1}
        onEndReached={[Function]}
        onEndReachedThreshold={2}
        onRefresh={[Function]}
        refreshing={false}
        removeClippedSubviews={false}
        renderItem={[Function]}
        scrollEventThrottle={50}
        updateCellsBatchingPeriod={50}
        windowSize={21}
      />
    </View>
  </View>
</View>
`;
