// Jest Snapshot v1, https://goo.gl/fbAQLP

exports[`LessonsLoader view renders correctly 1`] = `
<View>
  <RNSVGRect
    fill={
      Array [
        0,
        4278190080,
      ]
    }
    fillOpacity={1}
    fillRule={1}
    height="6.4"
    matrix={
      Array [
        1,
        0,
        0,
        1,
        0,
        0,
      ]
    }
    opacity={1}
    originX={0}
    originY={0}
    propList={Array []}
    rotation={0}
    rx="3"
    ry="3"
    scaleX={1}
    scaleY={1}
    skewX={0}
    skewY={0}
    stroke={null}
    strokeDasharray={null}
    strokeDashoffset={null}
    strokeLinecap={0}
    strokeLinejoin={0}
    strokeMiterlimit={4}
    strokeOpacity={1}
    strokeWidth={1}
    vectorEffect={0}
    width="85"
    x={150}
    y="43"
  />
  <RNSVGRect
    fill={
      Array [
        0,
        4278190080,
      ]
    }
    fillOpacity={1}
    fillRule={1}
    height="6.4"
    matrix={
      Array [
        1,
        0,
        0,
        1,
        0,
        0,
      ]
    }
    opacity={1}
    originX={0}
    originY={0}
    propList={Array []}
    rotation={0}
    rx="4"
    ry="4"
    scaleX={1}
    scaleY={1}
    skewX={0}
    skewY={0}
    stroke={null}
    strokeDasharray={null}
    strokeDashoffset={null}
    strokeLinecap={0}
    strokeLinejoin={0}
    strokeMiterlimit={4}
    strokeOpacity={1}
    strokeWidth={1}
    vectorEffect={0}
    width="117"
    x={118}
    y="29"
  />
  <RNSVGRect
    fill={
      Array [
        0,
        4278190080,
      ]
    }
    fillOpacity={1}
    fillRule={1}
    height="6.4"
    matrix={
      Array [
        1,
        0,
        0,
        1,
        0,
        0,
      ]
    }
    opacity={1}
    originX={0}
    originY={0}
    propList={Array []}
    rotation={0}
    rx="3"
    ry="3"
    scaleX={1}
    scaleY={1}
    skewX={0}
    skewY={0}
    stroke={null}
    strokeDasharray={null}
    strokeDashoffset={null}
    strokeLinecap={0}
    strokeLinejoin={0}
    strokeMiterlimit={4}
    strokeOpacity={1}
    strokeWidth={1}
    vectorEffect={0}
    width="70"
    x="12"
    y="36.4"
  />
  <RNSVGCircle
    cx={276}
    cy="35.5"
    fill={
      Array [
        0,
        4278190080,
      ]
    }
    fillOpacity={1}
    fillRule={1}
    matrix={
      Array [
        1,
        0,
        0,
        1,
        0,
        0,
      ]
    }
    opacity={1}
    originX={0}
    originY={0}
    propList={Array []}
    r="22.5"
    rotation={0}
    scaleX={1}
    scaleY={1}
    skewX={0}
    skewY={0}
    stroke={null}
    strokeDasharray={null}
    strokeDashoffset={null}
    strokeLinecap={0}
    strokeLinejoin={0}
    strokeMiterlimit={4}
    strokeOpacity={1}
    strokeWidth={1}
    vectorEffect={0}
    x={0}
    y={0}
  />
  <RNSVGCircle
    cx={276}
    cy="96.5"
    fill={
      Array [
        0,
        4278190080,
      ]
    }
    fillOpacity={1}
    fillRule={1}
    matrix={
      Array [
        1,
        0,
        0,
        1,
        0,
        0,
      ]
    }
    opacity={1}
    originX={0}
    originY={0}
    propList={Array []}
    r="22.5"
    rotation={0}
    scaleX={1}
    scaleY={1}
    skewX={0}
    skewY={0}
    stroke={null}
    strokeDasharray={null}
    strokeDashoffset={null}
    strokeLinecap={0}
    strokeLinejoin={0}
    strokeMiterlimit={4}
    strokeOpacity={1}
    strokeWidth={1}
    vectorEffect={0}
    x={0}
    y={0}
  />
  <RNSVGRect
    fill={
      Array [
        0,
        4278190080,
      ]
    }
    fillOpacity={1}
    fillRule={1}
    height="6.4"
    matrix={
      Array [
        1,
        0,
        0,
        1,
        0,
        0,
      ]
    }
    opacity={1}
    originX={0}
    originY={0}
    propList={Array []}
    rotation={0}
    rx="3"
    ry="3"
    scaleX={1}
    scaleY={1}
    skewX={0}
    skewY={0}
    stroke={null}
    strokeDasharray={null}
    strokeDashoffset={null}
    strokeLinecap={0}
    strokeLinejoin={0}
    strokeMiterlimit={4}
    strokeOpacity={1}
    strokeWidth={1}
    vectorEffect={0}
    width="85"
    x={150}
    y="95"
  />
  <RNSVGRect
    fill={
      Array [
        0,
        4278190080,
      ]
    }
    fillOpacity={1}
    fillRule={1}
    height="6.4"
    matrix={
      Array [
        1,
        0,
        0,
        1,
        0,
        0,
      ]
    }
    opacity={1}
    originX={0}
    originY={0}
    propList={Array []}
    rotation={0}
    rx="4"
    ry="4"
    scaleX={1}
    scaleY={1}
    skewX={0}
    skewY={0}
    stroke={null}
    strokeDasharray={null}
    strokeDashoffset={null}
    strokeLinecap={0}
    strokeLinejoin={0}
    strokeMiterlimit={4}
    strokeOpacity={1}
    strokeWidth={1}
    vectorEffect={0}
    width="117"
    x={118}
    y="82"
  />
  <RNSVGRect
    fill={
      Array [
        0,
        4278190080,
      ]
    }
    fillOpacity={1}
    fillRule={1}
    height="6.4"
    matrix={
      Array [
        1,
        0,
        0,
        1,
        0,
        0,
      ]
    }
    opacity={1}
    originX={0}
    originY={0}
    propList={Array []}
    rotation={0}
    rx="3"
    ry="3"
    scaleX={1}
    scaleY={1}
    skewX={0}
    skewY={0}
    stroke={null}
    strokeDasharray={null}
    strokeDashoffset={null}
    strokeLinecap={0}
    strokeLinejoin={0}
    strokeMiterlimit={4}
    strokeOpacity={1}
    strokeWidth={1}
    vectorEffect={0}
    width="70"
    x="12"
    y="88.4"
  />
</View>
`;

exports[`PaymentsLoader view renders correctly 1`] = `
<View>
  <RNSVGRect
    fill={
      Array [
        0,
        4278190080,
      ]
    }
    fillOpacity={1}
    fillRule={1}
    height="49"
    matrix={
      Array [
        1,
        0,
        0,
        1,
        0,
        0,
      ]
    }
    opacity={1}
    originX={0}
    originY={0}
    propList={Array []}
    rotation={0}
    rx="0"
    ry="0"
    scaleX={1}
    scaleY={1}
    skewX={0}
    skewY={0}
    stroke={null}
    strokeDasharray={null}
    strokeDashoffset={null}
    strokeLinecap={0}
    strokeLinejoin={0}
    strokeMiterlimit={4}
    strokeOpacity={1}
    strokeWidth={1}
    vectorEffect={0}
    width="120"
    x="90"
    y="16"
  />
  <RNSVGRect
    fill={
      Array [
        0,
        4278190080,
      ]
    }
    fillOpacity={1}
    fillRule={1}
    height="10"
    matrix={
      Array [
        1,
        0,
        0,
        1,
        0,
        0,
      ]
    }
    opacity={1}
    originX={0}
    originY={0}
    propList={Array []}
    rotation={0}
    rx="0"
    ry="0"
    scaleX={1}
    scaleY={1}
    skewX={0}
    skewY={0}
    stroke={null}
    strokeDasharray={null}
    strokeDashoffset={null}
    strokeLinecap={0}
    strokeLinejoin={0}
    strokeMiterlimit={4}
    strokeOpacity={1}
    strokeWidth={1}
    vectorEffect={0}
    width="70"
    x="115"
    y="76"
  />
  <RNSVGRect
    fill={
      Array [
        0,
        4278190080,
      ]
    }
    fillOpacity={1}
    fillRule={1}
    height="6.4"
    matrix={
      Array [
        1,
        0,
        0,
        1,
        0,
        0,
      ]
    }
    opacity={1}
    originX={0}
    originY={0}
    propList={Array []}
    rotation={0}
    rx="3"
    ry="3"
    scaleX={1}
    scaleY={1}
    skewX={0}
    skewY={0}
    stroke={null}
    strokeDasharray={null}
    strokeDashoffset={null}
    strokeLinecap={0}
    strokeLinejoin={0}
    strokeMiterlimit={4}
    strokeOpacity={1}
    strokeWidth={1}
    vectorEffect={0}
    width="40"
    x="17"
    y="110"
  />
  <RNSVGRect
    fill={
      Array [
        0,
        4278190080,
      ]
    }
    fillOpacity={1}
    fillRule={1}
    height="6.4"
    matrix={
      Array [
        1,
        0,
        0,
        1,
        0,
        0,
      ]
    }
    opacity={1}
    originX={0}
    originY={0}
    propList={Array []}
    rotation={0}
    rx="4"
    ry="4"
    scaleX={1}
    scaleY={1}
    skewX={0}
    skewY={0}
    stroke={null}
    strokeDasharray={null}
    strokeDashoffset={null}
    strokeLinecap={0}
    strokeLinejoin={0}
    strokeMiterlimit={4}
    strokeOpacity={1}
    strokeWidth={1}
    vectorEffect={0}
    width="74.88"
    x="180.77"
    y="110"
  />
  <RNSVGCircle
    cx="280"
    cy="113.5"
    fill={
      Array [
        0,
        4278190080,
      ]
    }
    fillOpacity={1}
    fillRule={1}
    matrix={
      Array [
        1,
        0,
        0,
        1,
        0,
        0,
      ]
    }
    opacity={1}
    originX={0}
    originY={0}
    propList={Array []}
    r="13"
    rotation={0}
    scaleX={1}
    scaleY={1}
    skewX={0}
    skewY={0}
    stroke={null}
    strokeDasharray={null}
    strokeDashoffset={null}
    strokeLinecap={0}
    strokeLinejoin={0}
    strokeMiterlimit={4}
    strokeOpacity={1}
    strokeWidth={1}
    vectorEffect={0}
    x={0}
    y={0}
  />
  <RNSVGCircle
    cx="280"
    cy="175.6"
    fill={
      Array [
        0,
        4278190080,
      ]
    }
    fillOpacity={1}
    fillRule={1}
    matrix={
      Array [
        1,
        0,
        0,
        1,
        0,
        0,
      ]
    }
    opacity={1}
    originX={0}
    originY={0}
    propList={Array []}
    r="13"
    rotation={0}
    scaleX={1}
    scaleY={1}
    skewX={0}
    skewY={0}
    stroke={null}
    strokeDasharray={null}
    strokeDashoffset={null}
    strokeLinecap={0}
    strokeLinejoin={0}
    strokeMiterlimit={4}
    strokeOpacity={1}
    strokeWidth={1}
    vectorEffect={0}
    x={0}
    y={0}
  />
  <RNSVGRect
    fill={
      Array [
        0,
        4278190080,
      ]
    }
    fillOpacity={1}
    fillRule={1}
    height="6.4"
    matrix={
      Array [
        1,
        0,
        0,
        1,
        0,
        0,
      ]
    }
    opacity={1}
    originX={0}
    originY={0}
    propList={Array []}
    rotation={0}
    rx="4"
    ry="4"
    scaleX={1}
    scaleY={1}
    skewX={0}
    skewY={0}
    stroke={null}
    strokeDasharray={null}
    strokeDashoffset={null}
    strokeLinecap={0}
    strokeLinejoin={0}
    strokeMiterlimit={4}
    strokeOpacity={1}
    strokeWidth={1}
    vectorEffect={0}
    width="74.88"
    x="180.77"
    y="172"
  />
  <RNSVGRect
    fill={
      Array [
        0,
        4278190080,
      ]
    }
    fillOpacity={1}
    fillRule={1}
    height="6.4"
    matrix={
      Array [
        1,
        0,
        0,
        1,
        0,
        0,
      ]
    }
    opacity={1}
    originX={0}
    originY={0}
    propList={Array []}
    rotation={0}
    rx="3"
    ry="3"
    scaleX={1}
    scaleY={1}
    skewX={0}
    skewY={0}
    stroke={null}
    strokeDasharray={null}
    strokeDashoffset={null}
    strokeLinecap={0}
    strokeLinejoin={0}
    strokeMiterlimit={4}
    strokeOpacity={1}
    strokeWidth={1}
    vectorEffect={0}
    width="40"
    x="17"
    y="172"
  />
</View>
`;

exports[`SimpleLoader view renders correctly 1`] = `
<View>
  <RNSVGRect
    fill={
      Array [
        0,
        4278190080,
      ]
    }
    fillOpacity={1}
    fillRule={1}
    height="6.4"
    matrix={
      Array [
        1,
        0,
        0,
        1,
        0,
        0,
      ]
    }
    opacity={1}
    originX={0}
    originY={0}
    propList={Array []}
    rotation={0}
    rx="4"
    ry="4"
    scaleX={1}
    scaleY={1}
    skewX={0}
    skewY={0}
    stroke={null}
    strokeDasharray={null}
    strokeDashoffset={null}
    strokeLinecap={0}
    strokeLinejoin={0}
    strokeMiterlimit={4}
    strokeOpacity={1}
    strokeWidth={1}
    vectorEffect={0}
    width="80"
    x={160}
    y="32"
  />
  <RNSVGRect
    fill={
      Array [
        0,
        4278190080,
      ]
    }
    fillOpacity={1}
    fillRule={1}
    height="6.4"
    matrix={
      Array [
        1,
        0,
        0,
        1,
        0,
        0,
      ]
    }
    opacity={1}
    originX={0}
    originY={0}
    propList={Array []}
    rotation={0}
    rx="4"
    ry="4"
    scaleX={1}
    scaleY={1}
    skewX={0}
    skewY={0}
    stroke={null}
    strokeDasharray={null}
    strokeDashoffset={null}
    strokeLinecap={0}
    strokeLinejoin={0}
    strokeMiterlimit={4}
    strokeOpacity={1}
    strokeWidth={1}
    vectorEffect={0}
    width="40.44"
    x="16"
    y="32"
  />
</View>
`;

exports[`StudentsLoader view renders correctly 1`] = `
<View>
  <RNSVGCircle
    cx={316}
    cy="52"
    fill={
      Array [
        0,
        4278190080,
      ]
    }
    fillOpacity={1}
    fillRule={1}
    matrix={
      Array [
        1,
        0,
        0,
        1,
        0,
        0,
      ]
    }
    opacity={1}
    originX={0}
    originY={0}
    propList={Array []}
    r="22.75"
    rotation={0}
    scaleX={1}
    scaleY={1}
    skewX={0}
    skewY={0}
    stroke={null}
    strokeDasharray={null}
    strokeDashoffset={null}
    strokeLinecap={0}
    strokeLinejoin={0}
    strokeMiterlimit={4}
    strokeOpacity={1}
    strokeWidth={1}
    vectorEffect={0}
    x={0}
    y={0}
  />
  <RNSVGRect
    fill={
      Array [
        0,
        4278190080,
      ]
    }
    fillOpacity={1}
    fillRule={1}
    height="6.4"
    matrix={
      Array [
        1,
        0,
        0,
        1,
        0,
        0,
      ]
    }
    opacity={1}
    originX={0}
    originY={0}
    propList={Array []}
    rotation={0}
    rx="4"
    ry="4"
    scaleX={1}
    scaleY={1}
    skewX={0}
    skewY={0}
    stroke={null}
    strokeDasharray={null}
    strokeDashoffset={null}
    strokeLinecap={0}
    strokeLinejoin={0}
    strokeMiterlimit={4}
    strokeOpacity={1}
    strokeWidth={1}
    vectorEffect={0}
    width="70"
    x={210}
    y="36"
  />
  <RNSVGRect
    fill={
      Array [
        0,
        4278190080,
      ]
    }
    fillOpacity={1}
    fillRule={1}
    height="6.4"
    matrix={
      Array [
        1,
        0,
        0,
        1,
        0,
        0,
      ]
    }
    opacity={1}
    originX={0}
    originY={0}
    propList={Array []}
    rotation={0}
    rx="3"
    ry="3"
    scaleX={1}
    scaleY={1}
    skewX={0}
    skewY={0}
    stroke={null}
    strokeDasharray={null}
    strokeDashoffset={null}
    strokeLinecap={0}
    strokeLinejoin={0}
    strokeMiterlimit={4}
    strokeOpacity={1}
    strokeWidth={1}
    vectorEffect={0}
    width="40"
    x={240}
    y="50"
  />
  <RNSVGRect
    fill={
      Array [
        0,
        4278190080,
      ]
    }
    fillOpacity={1}
    fillRule={1}
    height="6.4"
    matrix={
      Array [
        1,
        0,
        0,
        1,
        0,
        0,
      ]
    }
    opacity={1}
    originX={0}
    originY={0}
    propList={Array []}
    rotation={0}
    rx="3"
    ry="3"
    scaleX={1}
    scaleY={1}
    skewX={0}
    skewY={0}
    stroke={null}
    strokeDasharray={null}
    strokeDashoffset={null}
    strokeLinecap={0}
    strokeLinejoin={0}
    strokeMiterlimit={4}
    strokeOpacity={1}
    strokeWidth={1}
    vectorEffect={0}
    width="40"
    x={240}
    y="64"
  />
  <RNSVGRect
    fill={
      Array [
        0,
        4278190080,
      ]
    }
    fillOpacity={1}
    fillRule={1}
    height="10"
    matrix={
      Array [
        1,
        0,
        0,
        1,
        0,
        0,
      ]
    }
    opacity={1}
    originX={0}
    originY={0}
    propList={Array []}
    rotation={0}
    rx="0"
    ry="0"
    scaleX={1}
    scaleY={1}
    skewX={0}
    skewY={0}
    stroke={null}
    strokeDasharray={null}
    strokeDashoffset={null}
    strokeLinecap={0}
    strokeLinejoin={0}
    strokeMiterlimit={4}
    strokeOpacity={1}
    strokeWidth={1}
    vectorEffect={0}
    width="12"
    x="14.84"
    y="40"
  />
  <RNSVGCircle
    cx={316}
    cy="124"
    fill={
      Array [
        0,
        4278190080,
      ]
    }
    fillOpacity={1}
    fillRule={1}
    matrix={
      Array [
        1,
        0,
        0,
        1,
        0,
        0,
      ]
    }
    opacity={1}
    originX={0}
    originY={0}
    propList={Array []}
    r="22.75"
    rotation={0}
    scaleX={1}
    scaleY={1}
    skewX={0}
    skewY={0}
    stroke={null}
    strokeDasharray={null}
    strokeDashoffset={null}
    strokeLinecap={0}
    strokeLinejoin={0}
    strokeMiterlimit={4}
    strokeOpacity={1}
    strokeWidth={1}
    vectorEffect={0}
    x={0}
    y={0}
  />
  <RNSVGRect
    fill={
      Array [
        0,
        4278190080,
      ]
    }
    fillOpacity={1}
    fillRule={1}
    height="6.4"
    matrix={
      Array [
        1,
        0,
        0,
        1,
        0,
        0,
      ]
    }
    opacity={1}
    originX={0}
    originY={0}
    propList={Array []}
    rotation={0}
    rx="4"
    ry="4"
    scaleX={1}
    scaleY={1}
    skewX={0}
    skewY={0}
    stroke={null}
    strokeDasharray={null}
    strokeDashoffset={null}
    strokeLinecap={0}
    strokeLinejoin={0}
    strokeMiterlimit={4}
    strokeOpacity={1}
    strokeWidth={1}
    vectorEffect={0}
    width="70"
    x={210}
    y="106"
  />
  <RNSVGRect
    fill={
      Array [
        0,
        4278190080,
      ]
    }
    fillOpacity={1}
    fillRule={1}
    height="6.4"
    matrix={
      Array [
        1,
        0,
        0,
        1,
        0,
        0,
      ]
    }
    opacity={1}
    originX={0}
    originY={0}
    propList={Array []}
    rotation={0}
    rx="3"
    ry="3"
    scaleX={1}
    scaleY={1}
    skewX={0}
    skewY={0}
    stroke={null}
    strokeDasharray={null}
    strokeDashoffset={null}
    strokeLinecap={0}
    strokeLinejoin={0}
    strokeMiterlimit={4}
    strokeOpacity={1}
    strokeWidth={1}
    vectorEffect={0}
    width="40"
    x={240}
    y="120"
  />
  <RNSVGRect
    fill={
      Array [
        0,
        4278190080,
      ]
    }
    fillOpacity={1}
    fillRule={1}
    height="6.4"
    matrix={
      Array [
        1,
        0,
        0,
        1,
        0,
        0,
      ]
    }
    opacity={1}
    originX={0}
    originY={0}
    propList={Array []}
    rotation={0}
    rx="3"
    ry="3"
    scaleX={1}
    scaleY={1}
    skewX={0}
    skewY={0}
    stroke={null}
    strokeDasharray={null}
    strokeDashoffset={null}
    strokeLinecap={0}
    strokeLinejoin={0}
    strokeMiterlimit={4}
    strokeOpacity={1}
    strokeWidth={1}
    vectorEffect={0}
    width="40"
    x={240}
    y="134"
  />
  <RNSVGRect
    fill={
      Array [
        0,
        4278190080,
      ]
    }
    fillOpacity={1}
    fillRule={1}
    height="10"
    matrix={
      Array [
        1,
        0,
        0,
        1,
        0,
        0,
      ]
    }
    opacity={1}
    originX={0}
    originY={0}
    propList={Array []}
    rotation={0}
    rx="0"
    ry="0"
    scaleX={1}
    scaleY={1}
    skewX={0}
    skewY={0}
    stroke={null}
    strokeDasharray={null}
    strokeDashoffset={null}
    strokeLinecap={0}
    strokeLinejoin={0}
    strokeMiterlimit={4}
    strokeOpacity={1}
    strokeWidth={1}
    vectorEffect={0}
    width="12"
    x="14.84"
    y="110"
  />
</View>
`;
