// Jest Snapshot v1, https://goo.gl/fbAQLP

exports[`Notification view renders correctly 1`] = `
Array [
  <View
    style={
      Object {
        "flexDirection": "row",
        "height": 30,
        "width": "100%",
      }
    }
  >
    <View
      style={Object {}}
    >
      <View
        style={
          Object {
            "marginTop": 4,
          }
        }
      />
    </View>
    <View
      style={
        Object {
          "marginLeft": "auto",
        }
      }
    >
      <Text>
        hello
      </Text>
    </View>
  </View>,
  <View
    style={
      Object {
        "flex": 1,
        "flexDirection": "row",
        "justifyContent": "space-between",
        "marginTop": 20,
      }
    }
  >
    <Text>
      Hello
    </Text>
  </View>,
  <View
    style={
      Object {
        "borderBottomColor": "rgb(212, 212, 212)",
        "borderBottomWidth": 1,
        "marginBottom": 20,
        "marginTop": 20,
        "width": "100%",
      }
    }
  />,
]
`;
