// Jest Snapshot v1, https://goo.gl/fbAQLP

exports[`Row view renders correctly 1`] = `
<View
  style={
    Object {
      "alignItems": "center",
      "flex": 1,
      "flexDirection": "row",
      "maxHeight": 30,
    }
  }
>
  <Text>
    test
  </Text>
  <View
    style={
      Object {
        "alignItems": "flex-end",
        "flex": 0.5,
        "marginRight": "auto",
        "marginTop": -8,
      }
    }
  >
    <Text>
      Test
    </Text>
  </View>
</View>
`;
