// Jest Snapshot v1, https://goo.gl/fbAQLP

exports[`Row view renders correctly 1`] = `
<View
  style={
    Object {
      "flexDirection": "row",
      "maxHeight": 30,
      "width": "100%",
    }
  }
>
  <View
    style={Object {}}
  >
    <Text>
      test
    </Text>
  </View>
  <View
    style={
      Object {
        "marginLeft": "auto",
      }
    }
  >
    <Text>
      Test
    </Text>
  </View>
</View>
`;
