// Jest Snapshot v1, https://goo.gl/fbAQLP

exports[`ShadowRect view renders correctly 1`] = `
<View
  style={
    Object {
      "alignItems": "flex-start",
      "backgroundColor": "#fff",
      "borderRadius": 4,
      "elevation": 6,
      "marginBottom": 20,
      "minHeight": 320,
      "paddingHorizontal": 20,
      "paddingVertical": 12,
      "shadowColor": "#000",
      "shadowOffset": Object {
        "height": 6,
        "width": 0,
      },
      "shadowOpacity": 0.09,
      "shadowRadius": 20,
      "width": "100%",
    }
  }
>
  <Text>
    test
  </Text>
</View>
`;
