// Jest Snapshot v1, https://goo.gl/fbAQLP

exports[`StudentNextLessonView view renders correctly 1`] = `
<View
  accessible={true}
  isTVSelectable={true}
  onResponderGrant={[Function]}
  onResponderMove={[Function]}
  onResponderRelease={[Function]}
  onResponderTerminate={[Function]}
  onResponderTerminationRequest={[Function]}
  onStartShouldSetResponder={[Function]}
  style={
    Object {
      "opacity": 1,
    }
  }
  testID="test"
>
  <View
    style={
      Object {
        "flexDirection": "row",
        "marginTop": 12,
        "width": "100%",
      }
    }
  >
    <View
      style={Object {}}
    >
      <Text
        style={
          Object {
            "alignSelf": "flex-start",
          }
        }
      >
        איסוף
        :
         
        לא נקבע
      </Text>
      <Text
        style={
          Object {
            "alignSelf": "flex-start",
          }
        }
      >
        הורדה
        :
         
        לא נקבע
      </Text>
    </View>
    <View
      style={
        Object {
          "marginLeft": "auto",
        }
      }
    >
      <View
        style={
          Object {
            "marginTop": -8,
          }
        }
      >
        <Text
          style={
            Object {
              "fontFamily": "Assistant-Light",
              "fontSize": 24,
            }
          }
        >
          14/03/2019
        </Text>
        <Text
          style={
            Object {
              "alignSelf": "center",
              "fontWeight": "bold",
            }
          }
        >
          00:00
           - 
          00:40
        </Text>
      </View>
    </View>
  </View>
</View>
`;
