// Jest Snapshot v1, https://goo.gl/fbAQLP

exports[`TopicsList view renders correctly 1`] = `
<RCTScrollView
  ListEmptyComponent={[Function]}
  data={
    Array [
      Object {
        "id": 1,
        "title": "test1",
      },
      Object {
        "id": 2,
        "title": "test2",
      },
    ]
  }
  disableVirtualization={false}
  getItem={[Function]}
  getItemCount={[Function]}
  horizontal={false}
  initialNumToRender={10}
  keyExtractor={[Function]}
  maxToRenderPerBatch={10}
  numColumns={1}
  onContentSizeChange={[Function]}
  onEndReachedThreshold={2}
  onLayout={[Function]}
  onMomentumScrollEnd={[Function]}
  onScroll={[Function]}
  onScrollBeginDrag={[Function]}
  onScrollEndDrag={[Function]}
  renderItem={[Function]}
  scrollEventThrottle={50}
  stickyHeaderIndices={Array []}
  updateCellsBatchingPeriod={50}
  viewabilityConfigCallbackPairs={Array []}
  windowSize={21}
>
  <View>
    <View
      onLayout={[Function]}
      style={null}
    >
      <View
        style={
          Object {
            "borderBottomColor": "lightgray",
            "borderBottomWidth": 1,
            "marginLeft": 12,
            "paddingBottom": 6,
            "paddingTop": 6,
          }
        }
      >
        <Text
          style={
            Object {
              "alignSelf": "flex-start",
            }
          }
        >
          test1
        </Text>
      </View>
    </View>
    <View
      onLayout={[Function]}
      style={null}
    >
      <View
        style={
          Object {
            "borderBottomColor": "lightgray",
            "borderBottomWidth": 1,
            "marginLeft": 12,
            "paddingBottom": 6,
            "paddingTop": 6,
          }
        }
      >
        <Text
          style={
            Object {
              "alignSelf": "flex-start",
            }
          }
        >
          test2
        </Text>
      </View>
    </View>
  </View>
</RCTScrollView>
`;
