// Jest Snapshot v1, https://goo.gl/fbAQLP

exports[`UserWithPic view renders correctly 1`] = `
<View
  style={
    Array [
      Object {
        "overflow": "hidden",
      },
      Object {
        "borderRadius": 50,
        "height": 100,
        "width": 100,
      },
    ]
  }
>
  <FastImageView
    resizeMode="cover"
    source={
      Object {
        "uri": "http://example.com",
      }
    }
    style={
      Object {
        "bottom": 0,
        "left": 0,
        "position": "absolute",
        "right": 0,
        "top": 0,
      }
    }
  />
</View>
`;
