// Jest Snapshot v1, https://goo.gl/fbAQLP

exports[`UserWithPic view renders correctly 1`] = `
<View
  style={
    Object {
      "flex": 1,
      "flexDirection": "row",
      "width": 100,
    }
  }
>
  <View
    style={
      Object {
        "marginTop": 6,
      }
    }
  >
    <View
      style={
        Array [
          Object {
            "overflow": "hidden",
          },
          Object {
            "borderRadius": 50,
            "height": 100,
            "marginTop": 12,
            "width": 100,
          },
        ]
      }
    >
      <FastImageView
        resizeMode="cover"
        source={
          Object {
            "uri": "http://example.com",
          }
        }
        style={
          Object {
            "bottom": 0,
            "left": 0,
            "position": "absolute",
            "right": 0,
            "top": 0,
          }
        }
      />
    </View>
  </View>
  <View
    style={
      Object {
        "alignItems": "flex-start",
        "flexDirection": "column",
        "marginLeft": 16,
      }
    }
  >
    <Text
      style={
        Object {
          "fontWeight": "bold",
          "maxHeight": 30,
        }
      }
    >
      test
    </Text>
    <View>
      <Text>
        test
      </Text>
    </View>
  </View>
</View>
`;
